
> chioi-backend@0.0.1 start:dev
> nest start --watch

[2J[3J[H[[90m4:36:56 PM[0m] Starting compilation in watch mode...

[[90m4:37:00 PM[0m] Found 0 errors. Watching for file changes.

[32m[Nest] 16672  - [39m05/12/2026, 4:37:01 PM [32m    LOG[39m [38;5;3m[NestFactory] [39m[32mStarting Nest application...[39m
[32m[Nest] 16672  - [39m05/12/2026, 4:37:01 PM [32m    LOG[39m [38;5;3m[InstanceLoader] [39m[32mPrismaModule dependencies initialized[39m[38;5;3m +16ms[39m
[32m[Nest] 16672  - [39m05/12/2026, 4:37:01 PM [32m    LOG[39m [38;5;3m[InstanceLoader] [39m[32mPassportModule dependencies initialized[39m[38;5;3m +1ms[39m
[32m[Nest] 16672  - [39m05/12/2026, 4:37:01 PM [32m    LOG[39m [38;5;3m[InstanceLoader] [39m[32mJwtModule dependencies initialized[39m[38;5;3m +1ms[39m
[32m[Nest] 16672  - [39m05/12/2026, 4:37:01 PM [32m    LOG[39m [38;5;3m[InstanceLoader] [39m[32mJwtModule dependencies initialized[39m[38;5;3m +0ms[39m
[32m[Nest] 16672  - [39m05/12/2026, 4:37:01 PM [32m    LOG[39m [38;5;3m[InstanceLoader] [39m[32mAppModule dependencies initialized[39m[38;5;3m +1ms[39m
[32m[Nest] 16672  - [39m05/12/2026, 4:37:01 PM [32m    LOG[39m [38;5;3m[InstanceLoader] [39m[32mAuthModule dependencies initialized[39m[38;5;3m +0ms[39m
[32m[Nest] 16672  - [39m05/12/2026, 4:37:01 PM [32m    LOG[39m [38;5;3m[InstanceLoader] [39m[32mApiModule dependencies initialized[39m[38;5;3m +1ms[39m
[32m[Nest] 16672  - [39m05/12/2026, 4:37:01 PM [32m    LOG[39m [38;5;3m[InstanceLoader] [39m[32mWalletsModule dependencies initialized[39m[38;5;3m +0ms[39m
[32m[Nest] 16672  - [39m05/12/2026, 4:37:01 PM [32m    LOG[39m [38;5;3m[InstanceLoader] [39m[32mOrdersModule dependencies initialized[39m[38;5;3m +0ms[39m
[32m[Nest] 16672  - [39m05/12/2026, 4:37:01 PM [32m    LOG[39m [38;5;3m[WebSocketsController] [39m[32mOrdersGateway subscribed to the "update_gps" message[39m[38;5;3m +22ms[39m
[32m[Nest] 16672  - [39m05/12/2026, 4:37:01 PM [32m    LOG[39m [38;5;3m[WebSocketsController] [39m[32mOrdersGateway subscribed to the "send_message" message[39m[38;5;3m +0ms[39m
[32m[Nest] 16672  - [39m05/12/2026, 4:37:01 PM [32m    LOG[39m [38;5;3m[RoutesResolver] [39m[32mAppController {/}:[39m[38;5;3m +1ms[39m
[32m[Nest] 16672  - [39m05/12/2026, 4:37:01 PM [32m    LOG[39m [38;5;3m[RouterExplorer] [39m[32mMapped {/, GET} route[39m[38;5;3m +2ms[39m
[32m[Nest] 16672  - [39m05/12/2026, 4:37:01 PM [32m    LOG[39m [38;5;3m[RoutesResolver] [39m[32mAuthController {/api/auth}:[39m[38;5;3m +0ms[39m
[32m[Nest] 16672  - [39m05/12/2026, 4:37:01 PM [32m    LOG[39m [38;5;3m[RouterExplorer] [39m[32mMapped {/api/auth/login, POST} route[39m[38;5;3m +0ms[39m
[32m[Nest] 16672  - [39m05/12/2026, 4:37:01 PM [32m    LOG[39m [38;5;3m[RouterExplorer] [39m[32mMapped {/api/auth/register, POST} route[39m[38;5;3m +1ms[39m
[32m[Nest] 16672  - [39m05/12/2026, 4:37:01 PM [32m    LOG[39m [38;5;3m[RouterExplorer] [39m[32mMapped {/api/auth/forgot-password, POST} route[39m[38;5;3m +0ms[39m
[32m[Nest] 16672  - [39m05/12/2026, 4:37:01 PM [32m    LOG[39m [38;5;3m[RouterExplorer] [39m[32mMapped {/api/auth/reset-password, POST} route[39m[38;5;3m +0ms[39m
[32m[Nest] 16672  - [39m05/12/2026, 4:37:01 PM [32m    LOG[39m [38;5;3m[RoutesResolver] [39m[32mApiController {/api}:[39m[38;5;3m +1ms[39m
[32m[Nest] 16672  - [39m05/12/2026, 4:37:01 PM [32m    LOG[39m [38;5;3m[RouterExplorer] [39m[32mMapped {/api/services, GET} route[39m[38;5;3m +0ms[39m
[32m[Nest] 16672  - [39m05/12/2026, 4:37:01 PM [32m    LOG[39m [38;5;3m[RouterExplorer] [39m[32mMapped {/api/packages, GET} route[39m[38;5;3m +1ms[39m
[32m[Nest] 16672  - [39m05/12/2026, 4:37:01 PM [32m    LOG[39m [38;5;3m[RouterExplorer] [39m[32mMapped {/api/taskers/active, GET} route[39m[38;5;3m +0ms[39m
[32m[Nest] 16672  - [39m05/12/2026, 4:37:01 PM [32m    LOG[39m [38;5;3m[RouterExplorer] [39m[32mMapped {/api/taskers/history, GET} route[39m[38;5;3m +0ms[39m
[32m[Nest] 16672  - [39m05/12/2026, 4:37:01 PM [32m    LOG[39m [38;5;3m[RouterExplorer] [39m[32mMapped {/api/admin/dashboard, GET} route[39m[38;5;3m +0ms[39m
[32m[Nest] 16672  - [39m05/12/2026, 4:37:01 PM [32m    LOG[39m [38;5;3m[RouterExplorer] [39m[32mMapped {/api/taskers/kyc, POST} route[39m[38;5;3m +1ms[39m
[32m[Nest] 16672  - [39m05/12/2026, 4:37:01 PM [32m    LOG[39m [38;5;3m[RouterExplorer] [39m[32mMapped {/api/taskers/status, PATCH} route[39m[38;5;3m +0ms[39m
[32m[Nest] 16672  - [39m05/12/2026, 4:37:01 PM [32m    LOG[39m [38;5;3m[RouterExplorer] [39m[32mMapped {/api/support/tickets, POST} route[39m[38;5;3m +0ms[39m
[32m[Nest] 16672  - [39m05/12/2026, 4:37:01 PM [32m    LOG[39m [38;5;3m[RouterExplorer] [39m[32mMapped {/api/admin/taskers/:id/approve, PATCH} route[39m[38;5;3m +1ms[39m
[32m[Nest] 16672  - [39m05/12/2026, 4:37:01 PM [32m    LOG[39m [38;5;3m[RouterExplorer] [39m[32mMapped {/api/services, POST} route[39m[38;5;3m +0ms[39m
[32m[Nest] 16672  - [39m05/12/2026, 4:37:01 PM [32m    LOG[39m [38;5;3m[RouterExplorer] [39m[32mMapped {/api/services/:id, PUT} route[39m[38;5;3m +1ms[39m
[32m[Nest] 16672  - [39m05/12/2026, 4:37:01 PM [32m    LOG[39m [38;5;3m[RouterExplorer] [39m[32mMapped {/api/services/:id, DELETE} route[39m[38;5;3m +0ms[39m
[32m[Nest] 16672  - [39m05/12/2026, 4:37:01 PM [32m    LOG[39m [38;5;3m[RouterExplorer] [39m[32mMapped {/api/packages, POST} route[39m[38;5;3m +1ms[39m
[32m[Nest] 16672  - [39m05/12/2026, 4:37:01 PM [32m    LOG[39m [38;5;3m[RouterExplorer] [39m[32mMapped {/api/packages/:id, PUT} route[39m[38;5;3m +0ms[39m
[32m[Nest] 16672  - [39m05/12/2026, 4:37:01 PM [32m    LOG[39m [38;5;3m[RouterExplorer] [39m[32mMapped {/api/packages/:id, DELETE} route[39m[38;5;3m +0ms[39m
[32m[Nest] 16672  - [39m05/12/2026, 4:37:01 PM [32m    LOG[39m [38;5;3m[RouterExplorer] [39m[32mMapped {/api/admin/withdrawals/:id/approve, PATCH} route[39m[38;5;3m +0ms[39m
[32m[Nest] 16672  - [39m05/12/2026, 4:37:01 PM [32m    LOG[39m [38;5;3m[RouterExplorer] [39m[32mMapped {/api/admin/tickets/:id/resolve, PATCH} route[39m[38;5;3m +1ms[39m
[32m[Nest] 16672  - [39m05/12/2026, 4:37:01 PM [32m    LOG[39m [38;5;3m[RouterExplorer] [39m[32mMapped {/api/admin/users, GET} route[39m[38;5;3m +0ms[39m
[32m[Nest] 16672  - [39m05/12/2026, 4:37:01 PM [32m    LOG[39m [38;5;3m[RouterExplorer] [39m[32mMapped {/api/admin/orders, GET} route[39m[38;5;3m +0ms[39m
[32m[Nest] 16672  - [39m05/12/2026, 4:37:01 PM [32m    LOG[39m [38;5;3m[RouterExplorer] [39m[32mMapped {/api/admin/orders/:id/cancel, PATCH} route[39m[38;5;3m +0ms[39m
[32m[Nest] 16672  - [39m05/12/2026, 4:37:01 PM [32m    LOG[39m [38;5;3m[RouterExplorer] [39m[32mMapped {/api/admin/tickets, GET} route[39m[38;5;3m +1ms[39m
[32m[Nest] 16672  - [39m05/12/2026, 4:37:01 PM [32m    LOG[39m [38;5;3m[RouterExplorer] [39m[32mMapped {/api/admin/withdrawals, GET} route[39m[38;5;3m +0ms[39m
[32m[Nest] 16672  - [39m05/12/2026, 4:37:01 PM [32m    LOG[39m [38;5;3m[RoutesResolver] [39m[32mOrdersController {/api/orders}:[39m[38;5;3m +0ms[39m
[32m[Nest] 16672  - [39m05/12/2026, 4:37:01 PM [32m    LOG[39m [38;5;3m[RouterExplorer] [39m[32mMapped {/api/orders/book, POST} route[39m[38;5;3m +1ms[39m
[32m[Nest] 16672  - [39m05/12/2026, 4:37:01 PM [32m    LOG[39m [38;5;3m[RouterExplorer] [39m[32mMapped {/api/orders/:id/accept, PATCH} route[39m[38;5;3m +0ms[39m
[32m[Nest] 16672  - [39m05/12/2026, 4:37:01 PM [32m    LOG[39m [38;5;3m[RouterExplorer] [39m[32mMapped {/api/orders/:id/status, PATCH} route[39m[38;5;3m +0ms[39m
[32m[Nest] 16672  - [39m05/12/2026, 4:37:01 PM [32m    LOG[39m [38;5;3m[RouterExplorer] [39m[32mMapped {/api/orders/:id/cancel, PATCH} route[39m[38;5;3m +0ms[39m
[32m[Nest] 16672  - [39m05/12/2026, 4:37:01 PM [32m    LOG[39m [38;5;3m[RouterExplorer] [39m[32mMapped {/api/orders/:id/review, POST} route[39m[38;5;3m +0ms[39m
[32m[Nest] 16672  - [39m05/12/2026, 4:37:01 PM [32m    LOG[39m [38;5;3m[RouterExplorer] [39m[32mMapped {/api/orders/customer/history, GET} route[39m[38;5;3m +1ms[39m
[32m[Nest] 16672  - [39m05/12/2026, 4:37:01 PM [32m    LOG[39m [38;5;3m[RouterExplorer] [39m[32mMapped {/api/orders/chat/:orderId, GET} route[39m[38;5;3m +0ms[39m
[32m[Nest] 16672  - [39m05/12/2026, 4:37:01 PM [32m    LOG[39m [38;5;3m[RoutesResolver] [39m[32mWalletsController {/api/wallets}:[39m[38;5;3m +0ms[39m
[32m[Nest] 16672  - [39m05/12/2026, 4:37:01 PM [32m    LOG[39m [38;5;3m[RouterExplorer] [39m[32mMapped {/api/wallets/balance, GET} route[39m[38;5;3m +1ms[39m
[32m[Nest] 16672  - [39m05/12/2026, 4:37:01 PM [32m    LOG[39m [38;5;3m[RouterExplorer] [39m[32mMapped {/api/wallets/transactions, GET} route[39m[38;5;3m +0ms[39m
[32m[Nest] 16672  - [39m05/12/2026, 4:37:01 PM [32m    LOG[39m [38;5;3m[RouterExplorer] [39m[32mMapped {/api/wallets/deposit, POST} route[39m[38;5;3m +0ms[39m
[32m[Nest] 16672  - [39m05/12/2026, 4:37:01 PM [32m    LOG[39m [38;5;3m[RouterExplorer] [39m[32mMapped {/api/wallets/withdraw, POST} route[39m[38;5;3m +1ms[39m
[32m[Nest] 16672  - [39m05/12/2026, 4:37:01 PM [32m    LOG[39m [38;5;3m[NestApplication] [39m[32mNest application successfully started[39m[38;5;3m +54ms[39m
